// Jest Snapshot v1, https://goo.gl/fbAQLP

exports[`test logo should render correctly 1`] = `
<div>
  <h1
    className="logo"
  >
    <a
      href="/"
    >
      <img
        alt="this is a logo"
        src="../../assets/images/youtube.png"
      />
    </a>
  </h1>
</div>
`;
